// Jest Snapshot v1, https://goo.gl/fbAQLP

exports[`CountryList renders 1`] = `
<DocumentFragment>
  <div
    class="CountryList "
  >
    <div
      class="list"
    >
      <div
        class="list__item"
        data-testid="France"
      >
        <div
          class="item__flag"
        >
          <img
            alt="flag"
            class="flag__image"
            src="flag"
          />
        </div>
        <div
          class="item__info"
        >
          <div
            class="info__country"
          >
            <div
              class="info__title"
            >
              Country:
            </div>
            <div
              class="info__data"
            >
              France
            </div>
          </div>
          <div
            class="info__capital"
            data-testid="customCapital"
          >
            <div
              class="info__title"
            >
              Capital:
            </div>
            <div
              class="info__data"
            >
              Paris
            </div>
          </div>
          <div
            class="info__region"
            data-testid="subregion"
          >
            <div
              class="info__title"
            >
              Region:
            </div>
            <div
              class="info__data"
            >
              Europe
            </div>
          </div>
        </div>
      </div>
    </div>
  </div>
</DocumentFragment>
`;
